PHPUnit 11.5.48 by Sebastian Bergmann and contributors.

Runtime:       PHP 8.3.25 with Xdebug 3.4.5
Configuration: C:\laragon\github\jobs\phpunit.xml.dist
Random Seed:   1768999734

....................................................
+-----------------+---------+------------+----------+---------------------+
| Name            | Type    | Expression | Last Run | Next Run            |
+-----------------+---------+------------+----------+---------------------+
| enabled         | command | * * * * *  | --       | 2026-01-21 12:50:00 |
| closure_enabled | closure | * * * * *  | --       | 2026-01-21 12:50:00 |
| url_enabled     | url     | * * * * *  | --       | 2026-01-21 12:50:00 |
+-----------------+---------+------------+----------+---------------------+

...........  63 / 121 ( 52%)
..S.....................................S.................      121 / 121 (100%)

Time: 00:10.754, Memory: 14.00 MB

Activity Trait
 Ô£ö Max retries and timeout accessors

Beanstalk Queue
 Ô£ö Enqueue returns string id or skips

Beanstalk Queue Cycle
 Ô£ö Full cycle with requeue

Beanstalk Queue Setters
 Ô£ö Set priority and ttr fluent

Beanstalk Queue Watch
 Ô£ö Watch returns envelope or skips

Callback Chain Guard
 Ô£ö Chain stops without allow chain
 Ô£ö Chain continues with allow chain

Callback Filter
 Ô£ö Callback runs only on success
 Ô£ö Callback skips on success when failure filter
 Ô£ö Callback runs on failure with alias error
 Ô£ö Callback always

Callback Job
 Ô£ö Inline callback executes immediately
 Ô£ö Enqueued callback does not run inline

Closure Execution
 Ô£ö Closure job executes

Config Cache (Tests\Unit\Libraries\ConfigCache)
 Ô£ö Get returns same instance on multiple calls
 Ô£ö Clear resets cache
 Ô£ö Set allows custom config
 Ô£ö Set then clear returns to default config
 Ô£ö Multiple get calls without clear use same instance

Cron Job History Extended Command
 Ô£ö Extended fields available in history handler

Cron Job List Command
 Ô£ö List outputs scheduled jobs

Database Handler Hybrid
 Ô£ö Extended fields persist in data column

Database Handler Rebuild
 Ô£ö Extended columns persist

Database Queue Remove Job
 Ô£ö Remove job success path
 Ô£ö Remove job failure recreate

Database Queue Watch
 Ô£ö Watch returns job envelope

Date Time Helper
 Ô£ö Parse immutable from string
 Ô£ö Parse immutable from timestamp
 Ô£ö Parse immutable invalid
 Ô£ö Now

Enqueue
 Ô£ö Enqueue assigns queue

Enqueue Id
 Ô£ö Database queue returns non empty string ids
 Ô£ö Sync queue returns synthetic ids

Execution Buffer Merge
 Ô£ö Buffer and return are merged
 Ô£ö Only buffer without return

File Handler Name Fallback
 Ô£ö Fallbacks to payload name when no set path
 Ô£ö Fallback to unnamed if no name

Instrumented Queue Decorator
 Ô£ö Enqueue increments success metric
 Ô£ö Enqueue increments error metric on exception
 Ô£ö Enqueue records duration
 Ô£ö Watch increments fetch total when envelope returned
 Ô£ö Watch increments fetch empty when null returned
 Ô£ö Watch records duration
 Ô£ö Remove job increments ack total
 Ô£ö Remove job increments nack total when recreate
 Ô£ö Get decorated returns original queue

Job Basic
 Ô£ö Job stores payload and name

Job Envelope
 Ô£ö From job populates fields
 Ô£ö From decoded

Job Executor
 Ô£ö Success merges buffer and return
 Ô£ö Array return normalized json
 Ô£ö Exception path

Job Test Command
 Ô£ö Command outputs params
 Ô£ö Command no params

Logging Custom Sensitive Keys
 Ô£ö Custom sensitive keys are masked

Logging Error
 Ô£ö Error is logged

Logging Error Masking
 Ô£ö Error output masked

Logging Extended Fields
 Ô£ö Extended fields and masking

Logging File
 Ô£ö File log is created and contains expected keys

Logging Rotation
 Ô£ö Log rotation keeps only configured entries

Logging Truncate
 Ô£ö Output is truncated

Logging Unified Path
 Ô£ö Queue and cron share job name file

Metrics Collector
 Ô£ö Increment and observe

Queue Push
 Ô£ö Push creates queue record

Queue Run Command
 Ô£ö One time run processes single envelope

Queue Run Command Metrics
 Ôå® Skipped placeholder

Redis Queue
 Ô£ö Enqueue returns string id or skips

Redis Queue Cycle
 Ô£ö Full cycle with requeue

Redis Queue Delay Promotion
 Ô£ö Delayed job is promoted and fetched

Redis Queue Envelope
 Ô£ö Delayed job envelope contains meta and available at
 Ô£ö Watch returns null when no jobs

Redis Queue Failed Key
 Ôå® Failed key format via reflection

Requeue Helper
 Ô£ö Finalize success
 Ô£ö Finalize failure requeues

Retry Attempt
 Ô£ö Add attempt increments and adjusts schedule

Retry Policies
 Ô£ö Fixed retry stops after max retries

Retry Policies Extra
 Ô£ö Fixed policy base delay
 Ô£ö Exponential policy no jitter
 Ô£ö Exponential policy jitter

Retry Policy Boundaries
 Ô£ö Max retries zero
 Ô£ö Max retries one

Retry Policy Exponential
 Ô£ö Exponential delays without jitter
 Ô£ö Exponential respects max cap

Retry Policy Jitter
 Ô£ö Jitter within range

Retry Policy None
 Ô£ö No delay but retries still occur with strategy none

Scheduler
 Ô£ö Dependency order

Scheduler Advanced
 Ô£ö Find and clear jobs
 Ô£ö Invalid job type throws
 Ô£ö Missing dependency throws
 Ô£ö Circular dependency throws

Service Bus Headers
 Ô£ö Generate message id and label and schedule
 Ô£ö Generate sas token

Service Bus Queue
 Ô£ö Enqueue success and failure
 Ô£ö Watch success and null
 Ô£ö Remove job with recreate

Service Bus Queue Watch
 Ô£ö Watch returns envelope or null gracefully

Services Queue Job
 Ô£ö Queue job applies configure and defaults
 Ô£ö Queue job with when int schedules
 Ô£ö Queue job with when string
 Ô£ö Queue job invalid handler throws
 Ô£ö Sync queue executes job and inline callback immediately

Shell Job (Tests\Unit\Jobs\ShellJob)
 Ô£ö Handle executes shell command
 Ô£ö Validate command allows all when whitelist empty
 Ô£ö Validate command allows whitelisted command
 Ô£ö Validate command rejects non whitelisted command
 Ô£ö Validate command extracts base command
 Ô£ö Validate command is case insensitive
 Ô£ö Before run returns job unmodified
 Ô£ö After run returns job unmodified
 Ô£ö Handle with complex command
 Ô£ö Validate command with path prefix

State Trait (Tests\Unit\Traits\StateTrait)
 Ô£ö Notify on success sets flag
 Ô£ö Notify on failure sets flag
 Ô£ö Notify on completion sets both flags
 Ô£ö Single instance sets flag
 Ô£ö Is single instance returns false by default
 Ô£ö Should notify on success returns false by default
 Ô£ö Should notify on failure returns false by default
 Ô£ö Disable prevents execution
 Ô£ö Is enabled returns true by default
 Ô£ö Is running returns false by default

OK, but some tests were skipped!
Tests: 121, Assertions: 375, Skipped: 2.

Generating code coverage report in Clover XML format ... done [00:00.061]

Generating code coverage report in HTML format ... done [00:01.266]
